This is pdfTeX, Version 3.14159265-2.6-1.40.21 (MiKTeX 2.9.7440 64-bit) (preloaded format=pdflatex 2020.6.8)  30 JUL 2026 14:29
entering extended mode
**./paper.tex
(paper.tex
LaTeX2e <2020-02-02> patch level 5
L3 programming layer <2020-05-15>
("C:\Users\wwestlake\AppData\Local\Programs\MiKTeX 2.9\tex/latex/base\article.c
ls"
Document Class: article 2019/12/20 v1.4l Standard LaTeX document class

("C:\Users\wwestlake\AppData\Local\Programs\MiKTeX 2.9\tex/latex/base\size11.cl
o"
File: size11.clo 2019/12/20 v1.4l Standard LaTeX file (size option)
)
\c@part=\count167
\c@section=\count168
\c@subsection=\count169
\c@subsubsection=\count170
\c@paragraph=\count171
\c@subparagraph=\count172
\c@figure=\count173
\c@table=\count174
\abovecaptionskip=\skip47
\belowcaptionskip=\skip48
\bibindent=\dimen134
)
("C:\Users\wwestlake\AppData\Local\Programs\MiKTeX 2.9\tex/latex/base\inputenc.
sty"
Package: inputenc 2018/08/11 v1.3c Input encoding file
\inpenc@prehook=\toks15
\inpenc@posthook=\toks16
)
("C:\Users\wwestlake\AppData\Local\Programs\MiKTeX 2.9\tex/latex/amsmath\amsmat
h.sty"
Package: amsmath 2020/01/20 v2.17e AMS math features
\@mathmargin=\skip49

For additional information on amsmath, use the `?' option.

("C:\Users\wwestlake\AppData\Local\Programs\MiKTeX 2.9\tex/latex/amsmath\amstex
t.sty"
Package: amstext 2000/06/29 v2.01 AMS text

("C:\Users\wwestlake\AppData\Local\Programs\MiKTeX 2.9\tex/latex/amsmath\amsgen
.sty"
File: amsgen.sty 1999/11/30 v2.0 generic functions
\@emptytoks=\toks17
\ex@=\dimen135
))
("C:\Users\wwestlake\AppData\Local\Programs\MiKTeX 2.9\tex/latex/amsmath\amsbsy
.sty"
Package: amsbsy 1999/11/29 v1.2d Bold Symbols
\pmbraise@=\dimen136
)
("C:\Users\wwestlake\AppData\Local\Programs\MiKTeX 2.9\tex/latex/amsmath\amsopn
.sty"
Package: amsopn 2016/03/08 v2.02 operator names
)
\inf@bad=\count175
LaTeX Info: Redefining \frac on input line 227.
\uproot@=\count176
\leftroot@=\count177
LaTeX Info: Redefining \overline on input line 389.
\classnum@=\count178
\DOTSCASE@=\count179
LaTeX Info: Redefining \ldots on input line 486.
LaTeX Info: Redefining \dots on input line 489.
LaTeX Info: Redefining \cdots on input line 610.
\Mathstrutbox@=\box45
\strutbox@=\box46
\big@size=\dimen137
LaTeX Font Info:    Redeclaring font encoding OML on input line 733.
LaTeX Font Info:    Redeclaring font encoding OMS on input line 734.
\macc@depth=\count180
\c@MaxMatrixCols=\count181
\dotsspace@=\muskip16
\c@parentequation=\count182
\dspbrk@lvl=\count183
\tag@help=\toks18
\row@=\count184
\column@=\count185
\maxfields@=\count186
\andhelp@=\toks19
\eqnshift@=\dimen138
\alignsep@=\dimen139
\tagshift@=\dimen140
\tagwidth@=\dimen141
\totwidth@=\dimen142
\lineht@=\dimen143
\@envbody=\toks20
\multlinegap=\skip50
\multlinetaggap=\skip51
\mathdisplay@stack=\toks21
LaTeX Info: Redefining \[ on input line 2859.
LaTeX Info: Redefining \] on input line 2860.
)
("C:\Users\wwestlake\AppData\Local\Programs\MiKTeX 2.9\tex/latex/amsfonts\amsfo
nts.sty"
Package: amsfonts 2013/01/14 v3.01 Basic AMSFonts support
\symAMSa=\mathgroup4
\symAMSb=\mathgroup5
LaTeX Font Info:    Redeclaring math symbol \hbar on input line 98.
LaTeX Font Info:    Overwriting math alphabet `\mathfrak' in version `bold'
(Font)                  U/euf/m/n --> U/euf/b/n on input line 106.
)
("C:\Users\wwestlake\AppData\Local\Programs\MiKTeX 2.9\tex/latex/amsfonts\amssy
mb.sty"
Package: amssymb 2013/01/14 v3.01 AMS font symbols
)
("C:\Users\wwestlake\AppData\Local\Programs\MiKTeX 2.9\tex/latex/graphics\graph
icx.sty"
Package: graphicx 2019/11/30 v1.2a Enhanced LaTeX Graphics (DPC,SPQR)

("C:\Users\wwestlake\AppData\Local\Programs\MiKTeX 2.9\tex/latex/graphics\keyva
l.sty"
Package: keyval 2014/10/28 v1.15 key=value parser (DPC)
\KV@toks@=\toks22
)
("C:\Users\wwestlake\AppData\Local\Programs\MiKTeX 2.9\tex/latex/graphics\graph
ics.sty"
Package: graphics 2019/11/30 v1.4a Standard LaTeX Graphics (DPC,SPQR)

("C:\Users\wwestlake\AppData\Local\Programs\MiKTeX 2.9\tex/latex/graphics\trig.
sty"
Package: trig 2016/01/03 v1.10 sin cos tan (DPC)
)
("C:\Users\wwestlake\AppData\Local\Programs\MiKTeX 2.9\tex/latex/graphics-cfg\g
raphics.cfg"
File: graphics.cfg 2016/06/04 v1.11 sample graphics configuration
)
Package graphics Info: Driver file: pdftex.def on input line 105.

("C:\Users\wwestlake\AppData\Local\Programs\MiKTeX 2.9\tex/latex/graphics-def\p
dftex.def"
File: pdftex.def 2018/01/08 v1.0l Graphics/color driver for pdftex
))
\Gin@req@height=\dimen144
\Gin@req@width=\dimen145
)
("C:\Users\wwestlake\AppData\Local\Programs\MiKTeX 2.9\tex/latex/l3backend\l3ba
ckend-pdfmode.def"
File: l3backend-pdfmode.def 2020-05-05 L3 backend support: PDF mode
\l__kernel_color_stack_int=\count187
\l__pdf_internal_box=\box47
) (paper.aux)
\openout1 = `paper.aux'.

LaTeX Font Info:    Checking defaults for OML/cmm/m/it on input line 13.
LaTeX Font Info:    ... okay on input line 13.
LaTeX Font Info:    Checking defaults for OMS/cmsy/m/n on input line 13.
LaTeX Font Info:    ... okay on input line 13.
LaTeX Font Info:    Checking defaults for OT1/cmr/m/n on input line 13.
LaTeX Font Info:    ... okay on input line 13.
LaTeX Font Info:    Checking defaults for T1/cmr/m/n on input line 13.
LaTeX Font Info:    ... okay on input line 13.
LaTeX Font Info:    Checking defaults for TS1/cmr/m/n on input line 13.
LaTeX Font Info:    ... okay on input line 13.
LaTeX Font Info:    Checking defaults for OMX/cmex/m/n on input line 13.
LaTeX Font Info:    ... okay on input line 13.
LaTeX Font Info:    Checking defaults for U/cmr/m/n on input line 13.
LaTeX Font Info:    ... okay on input line 13.

("C:\Users\wwestlake\AppData\Local\Programs\MiKTeX 2.9\tex/context/base/mkii\su
pp-pdf.mkii"
[Loading MPS to PDF converter (version 2006.09.02).]
\scratchcounter=\count188
\scratchdimen=\dimen146
\scratchbox=\box48
\nofMPsegments=\count189
\nofMParguments=\count190
\everyMPshowfont=\toks23
\MPscratchCnt=\count191
\MPscratchDim=\dimen147
\MPnumerator=\count192
\makeMPintoPDFobject=\count193
\everyMPtoPDFconversion=\toks24
)
("C:\Users\wwestlake\AppData\Local\Programs\MiKTeX 2.9\tex/latex/epstopdf-pkg\e
pstopdf-base.sty"
Package: epstopdf-base 2020-01-24 v2.11 Base part for package epstopdf
Package epstopdf-base Info: Redefining graphics rule for `.eps' on input line 4
85.
)
LaTeX Font Info:    Trying to load font information for U+msa on input line 15.


("C:\Users\wwestlake\AppData\Local\Programs\MiKTeX 2.9\tex/latex/amsfonts\umsa.
fd"
File: umsa.fd 2013/01/14 v3.01 AMS symbols A
)
LaTeX Font Info:    Trying to load font information for U+msb on input line 15.


("C:\Users\wwestlake\AppData\Local\Programs\MiKTeX 2.9\tex/latex/amsfonts\umsb.
fd"
File: umsb.fd 2013/01/14 v3.01 AMS symbols B
)
Overfull \hbox (25.11076pt too wide) in paragraph at lines 18--19
\OT1/cmr/m/n/10 Producer/Single-Consumer (SPSC) ring buffers and atomic state s
wapping---
 []


Overfull \hbox (5.51291pt too wide) in paragraph at lines 26--26
[]\OT1/cmr/bx/n/14.4 The Math-e-mat-i-cal Con-straints of the Au-dio Call-
 []

[1

{C:/Users/wwestlake/AppData/Local/MiKTeX/2.9/pdftex/config/pdftex.map}]
Overfull \hbox (2.68396pt too wide) in paragraph at lines 48--49
[]\OT1/cmr/m/n/10.95 A com-mon anti-pattern in C++ au-dio de-vel-op-ment is us-
ing a \OT1/cmtt/m/n/10.95 std::mutex
 []

[2]
Overfull \hbox (48.15683pt too wide) in paragraph at lines 93--93
[]        \OT1/cmtt/m/n/10.95 auto currentWrite = writeIndex.load(std::memory_o
rder_relaxed);[] 
 []


Overfull \hbox (25.16208pt too wide) in paragraph at lines 93--93
[]        \OT1/cmtt/m/n/10.95 if (nextWrite == readIndex.load(std::memory_order
_acquire))[] 
 []


Overfull \hbox (2.16733pt too wide) in paragraph at lines 93--93
[]        \OT1/cmtt/m/n/10.95 writeIndex.store(nextWrite, std::memory_order_rel
ease);[] 
 []


Overfull \hbox (36.65945pt too wide) in paragraph at lines 93--93
[]        \OT1/cmtt/m/n/10.95 auto currentRead = readIndex.load(std::memory_ord
er_relaxed);[] 
 []


Overfull \hbox (42.40814pt too wide) in paragraph at lines 93--93
[]        \OT1/cmtt/m/n/10.95 if (currentRead == writeIndex.load(std::memory_or
der_acquire))[] 
 []


Overfull \hbox (82.64896pt too wide) in paragraph at lines 93--93
[]        \OT1/cmtt/m/n/10.95 readIndex.store((currentRead + 1) % Size, std::me
mory_order_release);[] 
 []

[3]
LaTeX Font Info:    Font shape `OT1/cmtt/bx/n' in size <10.95> not available
(Font)              Font shape `OT1/cmtt/m/n' tried instead on input line 96.

Overfull \hbox (39.78558pt too wide) in paragraph at lines 97--98
[]\OT1/cmr/bx/n/10.95 Consumer (\OT1/cmtt/m/n/10.95 pop\OT1/cmr/bx/n/10.95 )\OT
1/cmr/m/n/10.95 : Reads the \OT1/cmtt/m/n/10.95 write \OT1/cmr/m/n/10.95 in-dex
 us-ing \OT1/cmtt/m/n/10.95 std::memory[]order[]acquire\OT1/cmr/m/n/10.95 .
 []


Overfull \hbox (19.41339pt too wide) in paragraph at lines 135--135
[]    \OT1/cmtt/m/n/10.95 void updateStateFromUI(std::unique_ptr<HeavyState> ne
wState) {[] 
 []


Overfull \hbox (13.6647pt too wide) in paragraph at lines 135--135
[]        \OT1/cmtt/m/n/10.95 // Exchange the active state with the newly alloc
ated one[] 
 []


Overfull \hbox (2.16733pt too wide) in paragraph at lines 135--135
[]        \OT1/cmtt/m/n/10.95 // running on a low-priority thread to safely del
ete it[] 
 []


Overfull \hbox (53.90552pt too wide) in paragraph at lines 135--135
[]        \OT1/cmtt/m/n/10.95 HeavyState* state = activeState.load(std::memory_
order_acquire);[] 
 []

[4]
Overfull \hbox (23.49382pt too wide) in paragraph at lines 147--148
\OT1/cmr/m/n/10.95 Developing sta-ble C++ au-dio soft-ware re-quires aban-don-i
ng tra-di-tional paradigms
 []

[5] (paper.aux) ) 
Here is how much of TeX's memory you used:
 2307 strings out of 480799
 31170 string characters out of 2893917
 266746 words of memory out of 3000000
 18312 multiletter control sequences out of 15000+200000
 540560 words of font info for 55 fonts, out of 3000000 for 9000
 1141 hyphenation exceptions out of 8191
 30i,6n,27p,718b,257s stack positions out of 5000i,500n,10000p,200000b,50000s
 <C:\Users\wwestlake\AppData\Local\MiKTeX\2.9\fonts/pk/ljfour/
jknappen/ec/dpi600\tcrm1095.pk><C:/Users/wwestlake/AppData/Local/Programs/MiKTe
X 2.9/fonts/type1/public/amsfonts/cm/cmbx10.pfb><C:/Users/wwestlake/AppData/Loc
al/Programs/MiKTeX 2.9/fonts/type1/public/amsfonts/cm/cmbx12.pfb><C:/Users/wwes
tlake/AppData/Local/Programs/MiKTeX 2.9/fonts/type1/public/amsfonts/cm/cmmi10.p
fb><C:/Users/wwestlake/AppData/Local/Programs/MiKTeX 2.9/fonts/type1/public/ams
fonts/cm/cmmi8.pfb><C:/Users/wwestlake/AppData/Local/Programs/MiKTeX 2.9/fonts/
type1/public/amsfonts/cm/cmr10.pfb><C:/Users/wwestlake/AppData/Local/Programs/M
iKTeX 2.9/fonts/type1/public/amsfonts/cm/cmr12.pfb><C:/Users/wwestlake/AppData/
Local/Programs/MiKTeX 2.9/fonts/type1/public/amsfonts/cm/cmr17.pfb><C:/Users/ww
estlake/AppData/Local/Programs/MiKTeX 2.9/fonts/type1/public/amsfonts/cm/cmsy10
.pfb><C:/Users/wwestlake/AppData/Local/Programs/MiKTeX 2.9/fonts/type1/public/a
msfonts/cm/cmtt10.pfb>
Output written on paper.pdf (5 pages, 135455 bytes).
PDF statistics:
 59 PDF objects out of 1000 (max. 8388607)
 0 named destinations out of 1000 (max. 500000)
 1 words of extra memory for PDF output out of 10000 (max. 10000000)

